<?xml version="1.0" encoding="utf-8"?><testsuites><testsuite name="pytest" errors="0" failures="0" skipped="0" tests="2" time="106.418" timestamp="2023-08-24T18:46:12.655804" hostname="LAPTOP-08HBEJH0"><testcase classname="test_End_To_End.Testclass" name="test_e2e" time="83.756" /><testcase classname="test_End_To_End.Testclass" name="test_M2M" time="22.562" /></testsuite></testsuites>